*	ISO3 Code		ISO3 Code
	ARM	.	ARM
	AFG	.	AFG
	ALB	.	ALB
	DZA	.	DZA
	ASM	.	ASM
	AND	.	AND
	AGO	.	AGO
	ATG	.	ATG
	ARG	.	ARG
	AUS	.	AUS
	AUT	.	AUT
	BHS	.	BHS
	BHR	.	BHR
	BRB	.	BRB
*		.	
	BGD	.	BGD
	BMU	.	BMU
	BTN	.	BTN
	BOL	.	BOL
	BWA	.	BWA
	BRA	.	BRA
	ABW	.	ABW
	BLZ	.	BLZ
	SLB	.	SLB
	BRN	.	BRN
	BGR	.	BGR
	MMR	.	MMR
	BDI	.	BDI
	CMR	.	CMR
	CAN	.	CAN
	CPV	.	CPV
	CYM	.	CYM
	CAF	.	CAF
	LKA	.	LKA
	TCD	.	TCD
	CHL	.	CHL
	CHN	.	CHN
	COL	.	COL
	COM	.	COM
	COG	.	COG
	COK	.	COK
	CRI	.	CRI
	CUB	.	CUB
	CYP	.	CYP
*		.	
	AZE	.	AZE
	BEN	.	BEN
	DNK	.	DNK
	DMA	.	DMA
	DOM	.	DOM
	BLR	.	BLR
	ECU	.	ECU
	EGY	.	EGY
	SLV	.	SLV
	GNQ	.	GNQ
*		.	
	EST	.	EST
	FRO	.	FRO
	FLK	.	FLK
	FJI	.	FJI
	FIN	.	FIN
	FRA	.	FRA
	GUF	.	GUF
	PYF	.	PYF
	DJI	.	DJI
	GEO	.	GEO
	GAB	.	GAB
	GMB	.	GMB
	DEU	.	DEU
	BIH	.	BIH
	GHA	.	GHA
	GIB	.	GIB
	KIR	.	KIR
	GRC	.	GRC
	GRL	.	GRL
	GRD	.	GRD
	GLP	.	GLP
	GUM	.	GUM
	GTM	.	GTM
	GIN	.	GIN
	GUY	.	GUY
	HTI	.	HTI
	VAT	.	VAT
	HND	.	HND
	HKG	.	HKG
	HUN	.	HUN
	HRV	.	HRV
	ISL	.	ISL
	IND	.	IND
	IDN	.	IDN
	IRN	.	IRN
	IRQ	.	IRQ
	IRL	.	IRL
	ISR	.	ISR
	ITA	.	ITA
	CIV	.	CIV
	KAZ	.	KAZ
	JAM	.	JAM
	JPN	.	JPN
	JOR	.	JOR
	KGZ	.	KGZ
	KEN	.	KEN
	KHM	.	KHM
	PRK	.	PRK
	KOR	.	KOR
	XKX	.	XKX
	KWT	.	KWT
	LVA	.	LVA
	LAO	.	LAO
	LBN	.	LBN
	LSO	.	LSO
	LBR	.	LBR
	LBY	.	LBY
	LIE	.	LIE
	LTU	.	LTU
	MHL	.	MHL
	MAC	.	MAC
	MDG	.	MDG
	MWI	.	MWI
	MYS	.	MYS
	MDV	.	MDV
	MLI	.	MLI
	MLT	.	MLT
	MTQ	.	MTQ
	MRT	.	MRT
	MUS	.	MUS
	MEX	.	MEX
	MCO	.	MCO
	MNG	.	MNG
	MSR	.	MSR
	MAR	.	MAR
	MOZ	.	MOZ
	FSM	.	FSM
	MDA	.	MDA
	NAM	.	NAM
	NRU	.	NRU
	NPL	.	NPL
	NLD	.	NLD
	ANT	.	ANT
	NCL	.	NCL
	MKD	.	MKD
	VUT	.	VUT
	NZL	.	NZL
	NIC	.	NIC
	NER	.	NER
	NGA	.	NGA
	NIU	.	NIU
	NFK	.	NFK
	NOR	.	NOR
	MNP	.	MNP
*		.	
	PAK	.	PAK
	PAN	.	PAN
	CZE	.	CZE
	PNG	.	PNG
	PRY	.	PRY
	PER	.	PER
	PHL	.	PHL
	PCN	.	PCN
	POL	.	POL
	PRT	.	PRT
	GNB	.	GNB
	TLS	.	TLS
	PRI	.	PRI
	ERI	.	ERI
	QAT	.	QAT
	PLW	.	PLW
	ZWE	.	ZWE
	REU	.	REU
	ROU	.	ROU
	RWA	.	RWA
	RUS	.	RUS
	SCG	.	SCG
	SHN	.	SHN
	KNA	.	KNA
	LCA	.	LCA
	SPM	.	SPM
	VCT	.	VCT
	SMR	.	SMR
	STP	.	STP
	SAU	.	SAU
	SEN	.	SEN
	SYC	.	SYC
	SLE	.	SLE
	SVN	.	SVN
	SVK	.	SVK
	SGP	.	SGP
	SOM	.	SOM
	ZAF	.	ZAF
	ESP	.	ESP
	ESH	.	ESH
*		.	
	SUR	.	SUR
	TJK	.	TJK
	SWZ	.	SWZ
	SWE	.	SWE
	CHE	.	CHE
	SYR	.	SYR
	TKM	.	TKM
	TWN	.	TWN
	TZA	.	TZA
	THA	.	THA
	TGO	.	TGO
	TKL	.	TKL
	TON	.	TON
	TTO	.	TTO
	OMN	.	OMN
	TUN	.	TUN
	TUR	.	TUR
	TCA	.	TCA
	ARE	.	ARE
	UGA	.	UGA
	TUV	.	TUV
*		.	
	GBR	.	GBR
	UKR	.	UKR
	USA	.	USA
	BFA	.	BFA
	URY	.	URY
	UZB	.	UZB
	VEN	.	VEN
	VNM	.	VNM
	ETH	.	ETH
	VGB	.	VGB
	VIR	.	VIR
	WLF	.	WLF
	WSM	.	WSM
*		.	
	YEM	.	YEM
	COD	.	COD
	ZMB	.	ZMB
	BEL	.	BEL
	LUX	.	LUX
	AIA	.	AIA
*	CHA	.	CHA
*	SJM	.	SJM
	IMN	.	IMN
*	MYT	.	MYT
	SRB	.	SRB
	MNE	.	MNE
	SDN	.	SDN
	SSD	.	SSD
	PSE	.	PSE
	CPR	.	CPR
