*ISO		AIM17 excluding countries
	AFG	.	XSA
	ALB	.	XER
	DZA	.	XNF
	ASM	.	XSA
	AND	.	XER
	AGO	.	XAF
	ATG	.	XLM
	ARG	.	XLM
	ARM	.	CIS
	ABW	.	XLM
	AUS	.	XOC
	AUT	.	XE25
	AZE	.	CIS
	BHS	.	XLM
	BHR	.	XME
	BGD	.	XSA
	BRB	.	XLM
	BLR	.	CIS
	BEL	.	XE25
	BLZ	.	XLM
	BEN	.	XAF
	BMU	.	XLM
	BTN	.	XSA
	BOL	.	XLM
	BIH	.	XER
	BWA	.	XAF
*	BRA	.	BRA
	VGB	.	XLM
	BRN	.	XSA
	BGR	.	XER
	BFA	.	XAF
	BDI	.	XAF
	CPV	.	XAF
	KHM	.	XSE
	CMR	.	XAF
*	CAN	.	CAN
	CYM	.	XLM
	CAF	.	XAF
	TCD	.	XAF
*	CHI	.	
	CHL	.	XLM
*	CHN	.	CHN
	COL	.	XLM
	COM	.	XAF
	COD	.	XAF
	COG	.	XAF
	CRI	.	XLM
	CIV	.	XAF
	HRV	.	XER
	CUB	.	XLM
*	CUW	.	
	CYP	.	XE25
	CZE	.	XE25
	DNK	.	XE25
	DJI	.	XAF
	DMA	.	XLM
	DOM	.	XLM
	ECU	.	XLM
	EGY	.	XNF
	SLV	.	XLM
	GNQ	.	XAF
	ERI	.	XAF
	EST	.	XE25
	SWZ	.	XAF
	ESH	.	XAF
	ETH	.	XAF
	FRO	.	XER
	FJI	.	XSA
	FIN	.	XE25
	FRA	.	XE25
	PYF	.	XSA
	GAB	.	XAF
	GMB	.	XAF
	GEO	.	CIS
	DEU	.	XE25
	GHA	.	XAF
	GIB	.	XER
	GRC	.	XE25
	GRL	.	XLM
	GRD	.	XLM
	GUM	.	XSA
	GTM	.	XLM
	GIN	.	XAF
	GNB	.	XAF
	GUF	.	XLM
	GUY	.	XLM
	HTI	.	XLM
	HND	.	XLM
	HKG	.	CHN
	HUN	.	XE25
	ISL	.	XER
*	IND	.	IND
	IDN	.	XSE
	IRN	.	XME
	IRQ	.	XME
	IRL	.	XE25
*	IMN	.	
	ISR	.	XME
	ITA	.	XE25
	JAM	.	XLM
*	JPN	.	JPN
	JOR	.	XME
	KAZ	.	CIS
	KEN	.	XAF
	KIR	.	XSA
	PRK	.	XSE
	KOR	.	XSE
	XKX	.	XME	
	KWT	.	XME
	KGZ	.	CIS
	LAO	.	XSE
	LVA	.	XE25
	LBN	.	XME
	LSO	.	XAF
	LBR	.	XAF
	LBY	.	XNF
	LIE	.	XER
	LTU	.	XE25
	LUX	.	XE25
	MAC	.	CHN
	MDG	.	XAF
	MWI	.	XAF
	MYS	.	XSE
	MDV	.	XSA
	MLI	.	XAF
	MLT	.	XE25
	MHL	.	XSA
	MRT	.	XAF
	MUS	.	XAF
	MEX	.	XLM
	FSM	.	XSA
	MDA	.	CIS
	MCO	.	XER
	MNG	.	XSE
	MNE	.	XER
	MAR	.	XNF
	MOZ	.	XAF
	MMR	.	XSE
	NAM	.	XAF
	NRU	.	XSA
	NPL	.	XSA
	NLD	.	XE25
	NCL	.	XSA
	NZL	.	XOC
	NIC	.	XLM
	NER	.	XAF
	NGA	.	XAF
	MKD	.	XER
	MNP	.	XSA
	NOR	.	XER
	OMN	.	XME
	PAK	.	XSA
	PLW	.	XSA
	PAN	.	XLM
	PNG	.	XSA
	PRY	.	XLM
	PER	.	XLM
	PHL	.	XSE
	POL	.	XE25
	PRT	.	XE25
	PRI	.	XLM
	QAT	.	XME
	ROU	.	XER
	RUS	.	CIS
	RWA	.	XAF
	WSM	.	XSA
	SMR	.	XER
	STP	.	XAF
	SAU	.	XME
	SEN	.	XAF
	SRB	.	XER
	SYC	.	XAF
	SLE	.	XAF
	SGP	.	XSE
*	SXM	.	
	SVK	.	XE25
	SVN	.	XE25
	SLB	.	XSA
	SOM	.	XAF
	ZAF	.	XAF
	SSD	.	XAF
	ESP	.	XE25
	LKA	.	XSA
	KNA	.	XLM
	LCA	.	XLM
*	MAF	.	
	VCT	.	XLM
	SDN	.	XAF
	SUR	.	XLM
	SWE	.	XE25
	CHE	.	XER
	SYR	.	XME
	TJK	.	CIS
	TZA	.	XAF
	THA	.	XSE
	TLS	.	XSE
	TGO	.	XAF
	TON	.	XSA
	TTO	.	XLM
	TUN	.	XNF
*	TUR	.	TUR
	TKM	.	CIS
	TWN	.	CHN
	TCA	.	XLM
	TUV	.	XSA
	UGA	.	XAF
	UKR	.	CIS
	ARE	.	XME
	GBR	.	XE25
*	USA	.	USA
	URY	.	XLM
	UZB	.	CIS
	VUT	.	XSA
	VEN	.	XLM
	VNM	.	XSE
	VIR	.	XLM
	PSE	.	XME
	YEM	.	XME
	ZMB	.	XAF
	ZWE	.	XAF
*	ARB	.	
*	CSS	.	
*	CEB	.	
*	EAR	.	
*	EAS	.	
*	EAP	.	
*	TEA	.	
*	EMU	.	
*	ECS	.	
*	ECA	.	
*	TEC	.	
*	EUU	.	
*	FCS	.	
*	HPC	.	
*	HIC	.	
*	IBD	.	
*	IBT	.	
*	IDB	.	
*	IDX	.	
*	IDA	.	
*	LTE	.	
*	LCN	.	
*	LAC	.	
*	TLA	.	
*	LDC	.	
*	LMY	.	
*	LIC	.	
*	LMC	.	
*	MEA	.	
*	MNA	.	
*	TMN	.	
*	MIC	.	
*	NAC	.	
*	INX	.	
*	OED	.	
*	OSS	.	
*	PSS	.	
*	PST	.	
*	PRE	.	
*	SST	.	
*	SAS	.	
*	TSA	.	
*	SSF	.	
*	SSA	.	
*	TSS	.	
*	UMC	.	
*	WLD	.	
