ABW_CARC	.	XLM
AFG_AMDA	.	XSA
AFG_CSEC	.	XSA
AFG_FARA	.	XSA
AFG_HELM	.	XSA
AFG_INDU	.	XSA
AGO_ANGC	.	XAF
AGO_ASII	.	XAF
AGO_CONG	.	XAF
AGO_ZAMB	.	XAF
ALB_AGBS	.	XER
AND_EBRO	.	XER
ARE_ARPA	.	XME
ARG_LAPL	.	XLM
ARG_NASA	.	XLM
ARG_NEGR	.	XLM
ARG_PAMP	.	XLM
ARG_SACC	.	XLM
ARG_SASS	.	XLM
ARG_SGRN	.	XLM
ARM_CSSW	.	CIS
ATG_CARI	.	XLM
AUS_AEAC	.	XOC
AUS_AINT	.	XOC
AUS_ASCO	.	XOC
AUS_AUNC	.	XOC
AUS_AWEC	.	XOC
AUS_MRDA	.	XOC
AUS_NZLZ	.	XOC
AUT_DANU	.	XE25
AZE_CSSW	.	CIS
BDI_CONG	.	XAF
BDI_NILE	.	XAF
BEL_MAAS	.	XE25
BEL_SCHE	.	XE25
BEN_AFWC	.	XAF
BEN_NIGE	.	XAF
BEN_VOLT	.	XAF
BFA_AFWC	.	XAF
BFA_NIGE	.	XAF
BFA_VOLT	.	XAF
BGD_BBCN	.	XSA
BGD_GABR	.	XSA
BGR_AGBS	.	XER
BGR_DANU	.	XER
BHR_ARPA	.	XME
BHS_CARI	.	XLM
BIH_AGBS	.	XER
BIH_DANU	.	XER
BLR_DAUG	.	CIS
BLR_DNIP	.	CIS
BLR_NEMA	.	CIS
BLZ_YUPA	.	XLM
BOL_AMAZ	.	XLM
BOL_LAPL	.	XLM
BOL_LPUN	.	XLM
BRA_AMAZ	.	BRA
BRA_LAPL	.	BRA
BRA_SAOF	.	BRA
BRA_TOCA	.	BRA
BRA_UBSA	.	BRA
BRB_CARC	.	XLM
BRN_NBCO	.	XSA
BTN_GABR	.	XSA
BWA_ASII	.	XAF
BWA_LIMP	.	XAF
BWA_ORAN	.	XAF
CAF_CONG	.	XAF
CAF_LCHA	.	XAF
CAN_AOSB	.	CAN
CAN_HBCO	.	CAN
CAN_MACK	.	CAN
CAN_NWTT	.	CAN
CAN_PACA	.	CAN
CAN_SNEL	.	CAN
CAN_STLA	.	CAN
CHE_POOO	.	XER
CHE_RHIN	.	XER
CHE_RHON	.	XER
CHL_LPUN	.	XLM
CHL_NCHI	.	XLM
CHL_SCPA	.	XLM
CHN_AMUR	.	CHN
CHN_CHIN	.	CHN
CHN_GOBI	.	CHN
CHN_HHEE	.	CHN
CHN_TARI	.	CHN
CHN_YANG	.	CHN
CIV_AFWC	.	XAF
CIV_NIGE	.	XAF
CMR_CONG	.	XAF
CMR_GFGU	.	XAF
CMR_LCHA	.	XAF
CMR_NIGE	.	XAF
COD_CONG	.	XAF
COG_CONG	.	XAF
COG_GFGU	.	XAF
COL_AMAZ	.	XLM
COL_CARC	.	XLM
COL_CEPC	.	XLM
COL_MAGD	.	XLM
COL_ORIN	.	XLM
COM_MADA	.	XAF
CRI_SCAM	.	XLM
CUB_CARI	.	XLM
CYM_CARI	.	XLM
CYP_MSEC	.	XE25
CZE_DANU	.	XE25
CZE_ELBE	.	XE25
CZE_ODER	.	XE25
DEU_DANU	.	XE25
DEU_DGCO	.	XE25
DEU_ELBE	.	XE25
DEU_EWES	.	XE25
DEU_RHIN	.	XE25
DJI_ARGA	.	XAF
DJI_RIFT	.	XAF
DMA_CARI	.	XLM
DNK_DGCO	.	XE25
DOM_CARI	.	XLM
DZA_ANIN	.	XNF
DZA_MSCC	.	XNF
DZA_NIGE	.	XNF
ECU_AMAZ	.	XLM
ECU_CEPC	.	XLM
EGY_ANIN	.	XNF
EGY_ARGA	.	XNF
EGY_NILE	.	XNF
ERI_ARGA	.	XAF
ERI_NILE	.	XAF
ERI_RIFT	.	XAF
ESP_DOUR	.	XE25
ESP_EBRO	.	XE25
ESP_GUAD	.	XE25
ESP_GUDA	.	XE25
ESP_SPAC	.	XE25
ESP_SSEC	.	XE25
ESP_TAGU	.	XE25
EST_BSCC	.	XE25
EST_NARV	.	XE25
ETH_ARGA	.	XAF
ETH_NILE	.	XAF
ETH_RIFT	.	XAF
ETH_SHJU	.	XAF
FIN_FINL	.	XE25
FIN_SNCC	.	XE25
FIN_SWED	.	XE25
FJI_SPII	.	XSA
FRA_FWCX	.	XE25
FRA_GIRD	.	XE25
FRA_LOIR	.	XE25
FRA_NESO	.	XE25
FRA_RHON	.	XE25
FRA_SEIN	.	XE25
FRO_SCTD	.	XER
FSM_MICO	.	XSA
GAB_GFGU	.	XAF
GBR_EAWC	.	XE25
GBR_IREL	.	XE25
GBR_SCTD	.	XE25
GEO_BSSC	.	CIS
GEO_CSSW	.	CIS
GHA_AFWC	.	XAF
GHA_VOLT	.	XAF
GIN_AFWC	.	XAF
GIN_NIGE	.	XAF
GIN_SENE	.	XAF
GMB_AFWC	.	XAF
GNB_AFWC	.	XAF
GNQ_GFGU	.	XAF
GRC_AGBS	.	XE25
GRD_CARC	.	XLM
GRL_AOIS	.	XLM
GTM_GRIJ	.	XLM
GTM_SCAM	.	XLM
GTM_YUPA	.	XLM
GUM_NMIG	.	XSA
GUY_AMAZ	.	XLM
GUY_NESO	.	XLM
HKG_CHIN	.	CHN
HND_SCAM	.	XLM
HRV_AGBS	.	XER
HRV_DANU	.	XER
HTI_CARI	.	XLM
HUN_DANU	.	XE25
IDN_IRJA	.	XSE
IDN_JATI	.	XSE
IDN_KALI	.	XSE
IDN_SULA	.	XSE
IDN_SUMA	.	XSE
IND_GABR	.	IND
IND_GODA	.	IND
IND_INDU	.	IND
IND_KRIS	.	IND
IND_SABA	.	IND
IRL_IREL	.	XE25
IRN_CIRA	.	XME
IRN_CSEC	.	XME
IRN_CSSW	.	XME
IRN_PGCO	.	XME
IRN_TIEU	.	XME
IRQ_TIEU	.	XME
ISL_ICEL	.	XER
ISR_DEAS	.	XME
ISR_MSEC	.	XME
ITA_IECO	.	XE25
ITA_IWCO	.	XE25
ITA_MSII	.	XE25
ITA_POOO	.	XE25
ITA_TIBE	.	XE25
JAM_CARI	.	XLM
JOR_DEAS	.	XME
JOR_EJSS	.	XME
JOR_SIPE	.	XME
JPN_JAPN	.	JPN
KAZ_CSEC	.	CIS
KAZ_CSPC	.	CIS
KAZ_LKBH	.	CIS
KAZ_OBBB	.	CIS
KAZ_SYRD	.	CIS
KEN_AECC	.	XAF
KEN_NILE	.	XAF
KEN_RIFT	.	XAF
KEN_SHJU	.	XAF
KGZ_LKBH	.	CIS
KGZ_SYRD	.	CIS
KGZ_TARI	.	CIS
KHM_GTCC	.	XSE
KHM_MEKO	.	XSE
KIR_KINA	.	XSA
KNA_CARI	.	XLM
KOR_NSKU	.	XSE
KWT_ARPA	.	XME
KWT_TIEU	.	XME
LAO_MEKO	.	XSE
LAO_VNCO	.	XSE
LBN_DEAS	.	XME
LBN_MSEC	.	XME
LBR_AFWC	.	XAF
LBY_ANIN	.	XNF
LBY_MSCC	.	XNF
LCA_CARC	.	XLM
LIE_RHIN	.	XER
LKA_SRIL	.	XSA
LSO_ORAN	.	XAF
LTU_BSCC	.	XE25
LTU_NEMA	.	XE25
LUX_RHIN	.	XE25
LVA_BSCC	.	XE25
LVA_DAUG	.	XE25
MAC_XJIA	.	CHN
MAR_ANIN	.	XNF
MAR_ANWC	.	XNF
MAR_MSCC	.	XNF
MCO_FSCD	.	XER
MDA_BSNC	.	CIS
MDA_DANU	.	CIS
MDA_DNIE	.	CIS
MDG_MADA	.	XAF
MEX_BJCA	.	XLM
MEX_MCIN	.	XLM
MEX_MNCW	.	XLM
MEX_RGBV	.	XLM
MEX_RIBA	.	XLM
MEX_RIVE	.	XLM
MEX_RLER	.	XLM
MEX_YUPA	.	XLM
MKD_AGBS	.	XER
MLI_ANIN	.	XAF
MLI_NIGE	.	XAF
MLI_SENE	.	XAF
MLT_MSII	.	XE25
MMR_BBCN	.	XSE
MMR_IRRA	.	XSE
MMR_PMAL	.	XSE
MMR_SALW	.	XSE
MMR_SITT	.	XSE
MNE_AGBS	.	XER
MNE_DANU	.	XER
MNG_AMUR	.	XSE
MNG_GOBI	.	XSE
MNG_YENS	.	XSE
MNP_NMIG	.	XSA
MOZ_AECC	.	XAF
MOZ_AIOC	.	XAF
MOZ_LIMP	.	XAF
MOZ_ZAMB	.	XAF
MRT_ANIN	.	XAF
MRT_ANWC	.	XAF
MRT_SENE	.	XAF
MWI_AECC	.	XAF
MWI_ZAMB	.	XAF
MYS_NBCO	.	XSE
MYS_PMAL	.	XSE
NAM_ASII	.	XAF
NAM_NAMC	.	XAF
NAM_ORAN	.	XAF
NCL_SPII	.	XSA
NER_LCHA	.	XAF
NER_NIGE	.	XAF
NGA_AFWC	.	XAF
NGA_GFGU	.	XAF
NGA_LCHA	.	XAF
NGA_NIGE	.	XAF
NIC_SCAM	.	XLM
NLD_MAAS	.	XE25
NLD_RHIN	.	XE25
NLD_SCHE	.	XE25
NOR_ANTC	.	XER
NOR_SNCC	.	XER
NOR_SWED	.	XER
NPL_GABR	.	XSA
NZL_NZLZ	.	XOC
OMN_ARPA	.	XME
PAK_ASAC	.	XSA
PAK_HAMU	.	XSA
PAK_INDU	.	XSA
PAK_SABA	.	XSA
PAN_CEPC	.	XLM
PAN_SCAM	.	XLM
PER_AMAZ	.	XLM
PER_PERU	.	XLM
PHL_NBCO	.	XSE
PHL_PHIL	.	XSE
PLW_PAEI	.	XSA
PNG_FLYY	.	XSA
PNG_IRJA	.	XSA
PNG_PNGC	.	XSA
PNG_SEPI	.	XSA
POL_ODER	.	XE25
POL_PLCO	.	XE25
POL_WISL	.	XE25
PRI_CARI	.	XLM
PRK_AMUR	.	XSE
PRK_BHKN	.	XSE
PRK_NSKU	.	XSE
PRK_RSEC	.	XSE
PRT_DOUR	.	XE25
PRT_GUAD	.	XE25
PRT_SPAC	.	XE25
PRT_TAGU	.	XE25
PRY_LAPL	.	XLM
PSE_DEAS	.	XME
PSE_MSEC	.	XME
QAT_ARPA	.	XME
ROU_DANU	.	XER
RUS_AMUR	.	CIS
RUS_LENA	.	CIS
RUS_OBBB	.	CIS
RUS_PACA	.	CIS
RUS_SNCO	.	CIS
RUS_SWCO	.	CIS
RUS_VOLG	.	CIS
RUS_YENS	.	CIS
RWA_CONG	.	XAF
RWA_NILE	.	XAF
SAU_ARPA	.	XME
SAU_RSEE	.	XME
SDN_ANIN	.	XAF
SDN_ARGA	.	XAF
SDN_LCHA	.	XAF
SDN_NILE	.	XAF
SEN_AFWC	.	XAF
SEN_SENE	.	XAF
SGP_PMAL	.	XSE
SLB_SOLI	.	XSA
SLB_SPII	.	XSA
SLE_AFWC	.	XAF
SLV_SCAM	.	XLM
SMR_IECO	.	XER
SOM_AECC	.	XAF
SOM_ARGA	.	XAF
SOM_RIFT	.	XAF
SOM_SHJU	.	XAF
SRB_DANU	.	XER
SSD_CONG	.	XAF
SSD_NILE	.	XAF
SSD_RIFT	.	XAF
STP_GFGU	.	XAF
SUR_NESO	.	XLM
SVK_DANU	.	XE25
SVN_AGBS	.	XE25
SVN_DANU	.	XE25
SWE_SWED	.	XE25
SWZ_SASC	.	XAF
SYR_DEAS	.	XME
SYR_EJSS	.	XME
SYR_MSEC	.	XME
SYR_TIEU	.	XME
TCA_CARI	.	XLM
TCD_ANIN	.	XAF
TCD_LCHA	.	XAF
TGO_AFWC	.	XAF
TGO_VOLT	.	XAF
THA_CHAO	.	XSE
THA_GTCC	.	XSE
THA_MEKO	.	XSE
THA_PMAL	.	XSE
TJK_AMDA	.	CIS
TJK_SYRD	.	CIS
TKM_AMDA	.	CIS
TKM_CSEC	.	CIS
TLS_JATI	.	XSE
TTO_CARC	.	XLM
TUN_ANIN	.	XNF
TUN_MSCC	.	XNF
TUR_BSSC	.	TUR
TUR_CSSW	.	TUR
TUR_MSEC	.	TUR
TUR_TIEU	.	TUR
TUV_TUVA	.	XSA
TZA_AECC	.	XAF
TZA_CONG	.	XAF
TZA_NILE	.	XAF
TZA_RIFT	.	XAF
UGA_NILE	.	XAF
UKR_BSNC	.	CIS
UKR_DANU	.	CIS
UKR_DNIE	.	CIS
UKR_DNIP	.	CIS
UKR_DONN	.	CIS
URY_LAPL	.	XLM
URY_UBSA	.	XLM
USA_COLU	.	USA
USA_GFCO	.	USA
USA_GMAN	.	USA
USA_MSMM	.	USA
USA_NACC	.	USA
USA_PACA	.	USA
UZB_AMDA	.	CIS
UZB_CSEC	.	CIS
UZB_SYRD	.	CIS
VCT_CARC	.	XLM
VEN_AMAZ	.	XLM
VEN_CARC	.	XLM
VEN_MAGD	.	XLM
VEN_NESO	.	XLM
VEN_ORIN	.	XLM
VGB_CARI	.	XLM
VIR_CARI	.	XLM
VNM_HRIV	.	XSE
VNM_MEKO	.	XSE
VNM_VNCO	.	XSE
VUT_SPII	.	XSA
XKX_AGBS	.	XME
XKX_DANU	.	XME
YEM_ARGA	.	XME
YEM_ARPA	.	XME
YEM_RSEE	.	XME
ZAF_ANTC	.	XAF
ZAF_LIMP	.	XAF
ZAF_ORAN	.	XAF
ZAF_SASC	.	XAF
ZAF_SAWC	.	XAF
ZMB_CONG	.	XAF
ZMB_ZAMB	.	XAF
ZWE_AIOC	.	XAF
ZWE_ASII	.	XAF
ZWE_LIMP	.	XAF
ZWE_ZAMB	.	XAF
