	2	.	ARG
	3	.	XSM
	4	.	BRA
	5	.	CHL
	6	.	COL
	7	.	ECU
	8	.	XSM
	9	.	XSM
	10	.	XSM
	11	.	PER
	12	.	XSM
	13	.	XSM
	14	.	URY
	15	.	VEN
	22	.	XOC
	23	.	AUS
	24	.	XOC
	25	.	XOC
	26	.	XOC
	27	.	XOC
	28	.	XOC
	29	.	XOC
	30	.	XOC
	31	.	XOC
	32	.	XOC
	33	.	XOC
	34	.	XOC
	35	.	NZL
	36	.	XOC
	37	.	XOC
	38	.	XOC
	39	.	XOC
	40	.	XOC
	41	.	XOC
	42	.	XOC
	43	.	XOC
	44	.	XOC
	45	.	XOC
	46	.	XOC
	52	.	XCA
	53	.	XCA
	54	.	XCA
	55	.	XCA
	56	.	XCA
	57	.	XCA
	58	.	XCA
	59	.	XCA
	60	.	CAN
	61	.	CRI
	62	.	CUB
	63	.	XCA
	64	.	XCA
	65	.	DOM
	66	.	XCA
	67	.	XCA
	68	.	XCA
	69	.	GTM
	70	.	XCA
	71	.	XCA
	72	.	XCA
	73	.	XCA
	74	.	XCA
	75	.	MEX
	76	.	XCA
	77	.	XCA
	78	.	XCA
	79	.	PAN
	80	.	XCA
	81	.	SLV
	82	.	XCA
	83	.	XCA
	84	.	XCA
	85	.	USA
	86	.	XCA
	87	.	XCA
	88	.	XCA
	102	.	XER
	103	.	XER
	104	.	AUT
	105	.	58
	106	.	BGR
	107	.	XYU
	108	.	BLR
	109	.	CHE
	110	.	CZE
	111	.	DEU
	112	.	DNK
	113	.	ESP
	114	.	XBT
	115	.	FIN
	116	.	FRA
	117	.	XER
	118	.	GBR
*	119	.	#N/A
	120	.	XER
	121	.	GRC
	122	.	HRV
	123	.	HUN
	124	.	IRL
	125	.	ITA
*	126	.	#N/A
	127	.	XENI
	128	.	XBT
	129	.	58
	130	.	XBT
	131	.	XENI
	132	.	XCI
	133	.	XYU
	134	.	XE10
	135	.	NLD
	136	.	NOR
	137	.	POL
	138	.	PRT
	139	.	ROU
	140	.	RUS
	141	.	CSXX
	142	.	XER
	143	.	XER
	144	.	SVK
	145	.	SVN
	146	.	SWE
	147	.	UKR
	148	.	XENI
*	149	.	#N/A
	152	.	XSA
	153	.	ARE
	154	.	XCI
	155	.	XCI
	156	.	BGD
	157	.	XME
	158	.	BRN
	159	.	XSA
	160	.	CHN
	161	.	XE10
	162	.	XCI
	163	.	HKG
	164	.	IDN
	165	.	IND
	166	.	IRN
	167	.	IRQ
	168	.	ISR
	169	.	XME
	170	.	KAZ
	171	.	XCS
	172	.	XSE
	173	.	KOR
	174	.	KWT
	175	.	XSE
	176	.	LBN
	177	.	CHN
	178	.	XSA
	179	.	XSE
	180	.	MNG
	181	.	MYS
	182	.	XSA
	183	.	OMN
	184	.	PAK
	185	.	PHL
	186	.	PRK
	187	.	XME
	188	.	QAT
	189	.	SAU
	190	.	SGP
	191	.	SYR
	192	.	THA
	193	.	XCS
	194	.	XCS
	195	.	IDN
	196	.	TUR
	197	.	UZB
	198	.	VNM
	199	.	YEM
	200	.	JPN
	201	.	LKA
	202	.	TWN
	302	.	XSS
	303	.	XSS
	304	.	XSS
	305	.	XSS
	306	.	XSS
	307	.	XSS
	308	.	CIV
	309	.	XSS
	310	.	XSS
	311	.	XSS
	312	.	XSS
	313	.	DZA
	314	.	EGY
	315	.	XSS
	316	.	XSS
	317	.	XSS
	318	.	XSS
	319	.	XSS
	320	.	XSS
	321	.	XSS
	322	.	XSS
	323	.	KEN
	324	.	XSS
	325	.	LBY
	326	.	XSS
	327	.	MAR
	328	.	XSS
	329	.	XSS
	330	.	XSS
	331	.	XSS
	332	.	XSS
	333	.	XSS
	334	.	NGA
	335	.	XSS
	336	.	XSS
	337	.	SDN
	338	.	XSS
	339	.	XSS
	340	.	XSS
	341	.	XSS
	342	.	XSS
	343	.	XSS
	344	.	TUN
	345	.	XSS
	346	.	XSS
	347	.	ZAF
	348	.	XSS
	349	.	XSS
	350	.	XSS
	351	.	XSS
	352	.	XSS
	353	.	XSS
	354	.	XSS
	355	.	XSS
	356	.	XSS
	357	.	XSS
